Component: ARM Compiler 5.06 update 4 (build 422) Tool: armlink [4d35d2]

==============================================================================

Section Cross References

    main.o(.text) refers to w5500.o(.text) for WIZCHIP_READ
    main.o(.text) refers to printf8.o(i.__0printf$8) for __2printf
    main.o(.text) refers to socket.o(.text) for recv
    main.o(.text) refers to wizchip_conf.o(.text) for ctlnetwork
    main.o(.text) refers to dhcp.o(.text) for getIPfromDHCP
    main.o(.text) refers to delay.o(.text) for delay_init
    main.o(.text) refers to usart.o(.text) for uart_init
    main.o(.text) refers to led.o(.text) for LED_Init
    main.o(.text) refers to spi.o(.text) for SPI1_Init
    main.o(.text) refers to printf8.o(i.__0sprintf$8) for __2sprintf
    main.o(.text) refers to memseta.o(.text) for __aeabi_memclr
    main.o(.text) refers to main.o(.bss) for gWIZNETINFO
    main.o(.text) refers to main.o(.constdata) for .constdata
    main.o(.text) refers to usart.o(.data) for usart_recv_flag
    main.o(.text) refers to main.o(.data) for destport
    system_stm32f10x.o(.text) refers to system_stm32f10x.o(.data) for SystemCoreClock
    stm32f10x_gpio.o(.text) refers to stm32f10x_rcc.o(.text) for RCC_APB2PeriphResetCmd
    stm32f10x_rcc.o(.text) refers to stm32f10x_rcc.o(.data) for APBAHBPrescTable
    stm32f10x_usart.o(.text) refers to stm32f10x_rcc.o(.text) for RCC_APB2PeriphResetCmd
    stm32f10x_spi.o(.text) refers to stm32f10x_rcc.o(.text) for RCC_APB2PeriphResetCmd
    startup_stm32f10x_md.o(RESET) refers to startup_stm32f10x_md.o(STACK) for __initial_sp
    startup_stm32f10x_md.o(RESET) refers to startup_stm32f10x_md.o(.text) for Reset_Handler
    startup_stm32f10x_md.o(RESET) refers to stm32f10x_it.o(.text) for NMI_Handler
    startup_stm32f10x_md.o(RESET) refers to usart.o(.text) for USART1_IRQHandler
    startup_stm32f10x_md.o(.text) refers to system_stm32f10x.o(.text) for SystemInit
    startup_stm32f10x_md.o(.text) refers to entry.o(.ARM.Collect$$$$00000000) for __main
    delay.o(.text) refers to misc.o(.text) for SysTick_CLKSourceConfig
    delay.o(.text) refers to system_stm32f10x.o(.data) for SystemCoreClock
    delay.o(.text) refers to delay.o(.data) for fac_us
    usart.o(.text) refers to stm32f10x_usart.o(.text) for USART_GetFlagStatus
    usart.o(.text) refers to stm32f10x_rcc.o(.text) for RCC_APB2PeriphClockCmd
    usart.o(.text) refers to stm32f10x_gpio.o(.text) for GPIO_Init
    usart.o(.text) refers to misc.o(.text) for NVIC_Init
    usart.o(.text) refers to usart.o(.data) for USART_RX_STA
    usart.o(.text) refers to usart.o(.bss) for USART_RX_BUF
    led.o(.text) refers to stm32f10x_rcc.o(.text) for RCC_APB2PeriphClockCmd
    led.o(.text) refers to stm32f10x_gpio.o(.text) for GPIO_Init
    spi.o(.text) refers to stm32f10x_rcc.o(.text) for RCC_APB2PeriphClockCmd
    spi.o(.text) refers to stm32f10x_gpio.o(.text) for GPIO_Init
    spi.o(.text) refers to stm32f10x_spi.o(.text) for SPI_Init
    spi.o(.text) refers to wizchip_conf.o(.text) for reg_wizchip_cris_cbfunc
    wizchip_conf.o(.text) refers to w5500.o(.text) for WIZCHIP_READ
    wizchip_conf.o(.text) refers to wizchip_conf.o(.data) for WIZCHIP
    wizchip_conf.o(.data) refers to wizchip_conf.o(.text) for wizchip_cris_enter
    socket.o(.text) refers to w5500.o(.text) for WIZCHIP_WRITE
    socket.o(.text) refers to socket.o(.data) for sock_is_sending
    socket.o(.text) refers to socket.o(.bss) for sock_remained_size
    w5500.o(.text) refers to wizchip_conf.o(.data) for WIZCHIP
    dhcp.o(.text) refers to w5500.o(.text) for WIZCHIP_WRITE_BUF
    dhcp.o(.text) refers to dhcp.o(.data) for DHCP_allocated_ip
    dhcp.o(.text) refers to socket.o(.text) for sendto
    dhcp.o(.data) refers to dhcp.o(.text) for default_ip_assign
    entry.o(.ARM.Collect$$$$00000000) refers (Special) to entry10a.o(.ARM.Collect$$$$0000000D) for __rt_final_cpp
    entry.o(.ARM.Collect$$$$00000000) refers (Special) to entry11a.o(.ARM.Collect$$$$0000000F) for __rt_final_exit
    entry.o(.ARM.Collect$$$$00000000) refers (Special) to entry7b.o(.ARM.Collect$$$$00000008) for _main_clock
    entry.o(.ARM.Collect$$$$00000000) refers (Special) to entry8b.o(.ARM.Collect$$$$0000000A) for _main_cpp_init
    entry.o(.ARM.Collect$$$$00000000) refers (Special) to entry9a.o(.ARM.Collect$$$$0000000B) for _main_init
    entry.o(.ARM.Collect$$$$00000000) refers (Special) to entry5.o(.ARM.Collect$$$$00000004) for _main_scatterload
    entry.o(.ARM.Collect$$$$00000000) refers (Special) to entry2.o(.ARM.Collect$$$$00000001) for _main_stk
    printfb.o(i.__0fprintf$bare) refers to printfb.o(i._printf_core) for _printf_core
    printfb.o(i.__0fprintf$bare) refers to usart.o(.text) for fputc
    printfb.o(i.__0printf$bare) refers to printfb.o(i._printf_core) for _printf_core
    printfb.o(i.__0printf$bare) refers to usart.o(.text) for fputc
    printfb.o(i.__0printf$bare) refers to stdout.o(.data) for __stdout
    printfb.o(i.__0snprintf$bare) refers to printfb.o(i._printf_core) for _printf_core
    printfb.o(i.__0snprintf$bare) refers to printfb.o(i._snputc) for _snputc
    printfb.o(i.__0sprintf$bare) refers to printfb.o(i._printf_core) for _printf_core
    printfb.o(i.__0sprintf$bare) refers to printfb.o(i._sputc) for _sputc
    printfb.o(i.__0vfprintf$bare) refers to printfb.o(i._printf_core) for _printf_core
    printfb.o(i.__0vfprintf$bare) refers to usart.o(.text) for fputc
    printfb.o(i.__0vprintf$bare) refers to printfb.o(i._printf_core) for _printf_core
    printfb.o(i.__0vprintf$bare) refers to usart.o(.text) for fputc
    printfb.o(i.__0vprintf$bare) refers to stdout.o(.data) for __stdout
    printfb.o(i.__0vsnprintf$bare) refers to printfb.o(i._printf_core) for _printf_core
    printfb.o(i.__0vsnprintf$bare) refers to printfb.o(i._snputc) for _snputc
    printfb.o(i.__0vsprintf$bare) refers to printfb.o(i._printf_core) for _printf_core
    printfb.o(i.__0vsprintf$bare) refers to printfb.o(i._sputc) for _sputc
    printf0.o(i.__0fprintf$0) refers to printf0.o(i._printf_core) for _printf_core
    printf0.o(i.__0fprintf$0) refers to usart.o(.text) for fputc
    printf0.o(i.__0printf$0) refers to printf0.o(i._printf_core) for _printf_core
    printf0.o(i.__0printf$0) refers to usart.o(.text) for fputc
    printf0.o(i.__0printf$0) refers to stdout.o(.data) for __stdout
    printf0.o(i.__0snprintf$0) refers to printf0.o(i._printf_core) for _printf_core
    printf0.o(i.__0snprintf$0) refers to printf0.o(i._snputc) for _snputc
    printf0.o(i.__0sprintf$0) refers to printf0.o(i._printf_core) for _printf_core
    printf0.o(i.__0sprintf$0) refers to printf0.o(i._sputc) for _sputc
    printf0.o(i.__0vfprintf$0) refers to printf0.o(i._printf_core) for _printf_core
    printf0.o(i.__0vfprintf$0) refers to usart.o(.text) for fputc
    printf0.o(i.__0vprintf$0) refers to printf0.o(i._printf_core) for _printf_core
    printf0.o(i.__0vprintf$0) refers to usart.o(.text) for fputc
    printf0.o(i.__0vprintf$0) refers to stdout.o(.data) for __stdout
    printf0.o(i.__0vsnprintf$0) refers to printf0.o(i._printf_core) for _printf_core
    printf0.o(i.__0vsnprintf$0) refers to printf0.o(i._snputc) for _snputc
    printf0.o(i.__0vsprintf$0) refers to printf0.o(i._printf_core) for _printf_core
    printf0.o(i.__0vsprintf$0) refers to printf0.o(i._sputc) for _sputc
    printf1.o(i.__0fprintf$1) refers to printf1.o(i._printf_core) for _printf_core
    printf1.o(i.__0fprintf$1) refers to usart.o(.text) for fputc
    printf1.o(i.__0printf$1) refers to printf1.o(i._printf_core) for _printf_core
    printf1.o(i.__0printf$1) refers to usart.o(.text) for fputc
    printf1.o(i.__0printf$1) refers to stdout.o(.data) for __stdout
    printf1.o(i.__0snprintf$1) refers to printf1.o(i._printf_core) for _printf_core
    printf1.o(i.__0snprintf$1) refers to printf1.o(i._snputc) for _snputc
    printf1.o(i.__0sprintf$1) refers to printf1.o(i._printf_core) for _printf_core
    printf1.o(i.__0sprintf$1) refers to printf1.o(i._sputc) for _sputc
    printf1.o(i.__0vfprintf$1) refers to printf1.o(i._printf_core) for _printf_core
    printf1.o(i.__0vfprintf$1) refers to usart.o(.text) for fputc
    printf1.o(i.__0vprintf$1) refers to printf1.o(i._printf_core) for _printf_core
    printf1.o(i.__0vprintf$1) refers to usart.o(.text) for fputc
    printf1.o(i.__0vprintf$1) refers to stdout.o(.data) for __stdout
    printf1.o(i.__0vsnprintf$1) refers to printf1.o(i._printf_core) for _printf_core
    printf1.o(i.__0vsnprintf$1) refers to printf1.o(i._snputc) for _snputc
    printf1.o(i.__0vsprintf$1) refers to printf1.o(i._printf_core) for _printf_core
    printf1.o(i.__0vsprintf$1) refers to printf1.o(i._sputc) for _sputc
    printf1.o(i._printf_core) refers to uidiv.o(.text) for __aeabi_uidivmod
    printf2.o(i.__0fprintf$2) refers to printf2.o(i._printf_core) for _printf_core
    printf2.o(i.__0fprintf$2) refers to usart.o(.text) for fputc
    printf2.o(i.__0printf$2) refers to printf2.o(i._printf_core) for _printf_core
    printf2.o(i.__0printf$2) refers to usart.o(.text) for fputc
    printf2.o(i.__0printf$2) refers to stdout.o(.data) for __stdout
    printf2.o(i.__0snprintf$2) refers to printf2.o(i._printf_core) for _printf_core
    printf2.o(i.__0snprintf$2) refers to printf2.o(i._snputc) for _snputc
    printf2.o(i.__0sprintf$2) refers to printf2.o(i._printf_core) for _printf_core
    printf2.o(i.__0sprintf$2) refers to printf2.o(i._sputc) for _sputc
    printf2.o(i.__0vfprintf$2) refers to printf2.o(i._printf_core) for _printf_core
    printf2.o(i.__0vfprintf$2) refers to usart.o(.text) for fputc
    printf2.o(i.__0vprintf$2) refers to printf2.o(i._printf_core) for _printf_core
    printf2.o(i.__0vprintf$2) refers to usart.o(.text) for fputc
    printf2.o(i.__0vprintf$2) refers to stdout.o(.data) for __stdout
    printf2.o(i.__0vsnprintf$2) refers to printf2.o(i._printf_core) for _printf_core
    printf2.o(i.__0vsnprintf$2) refers to printf2.o(i._snputc) for _snputc
    printf2.o(i.__0vsprintf$2) refers to printf2.o(i._printf_core) for _printf_core
    printf2.o(i.__0vsprintf$2) refers to printf2.o(i._sputc) for _sputc
    printf3.o(i.__0fprintf$3) refers to printf3.o(i._printf_core) for _printf_core
    printf3.o(i.__0fprintf$3) refers to usart.o(.text) for fputc
    printf3.o(i.__0printf$3) refers to printf3.o(i._printf_core) for _printf_core
    printf3.o(i.__0printf$3) refers to usart.o(.text) for fputc
    printf3.o(i.__0printf$3) refers to stdout.o(.data) for __stdout
    printf3.o(i.__0snprintf$3) refers to printf3.o(i._printf_core) for _printf_core
    printf3.o(i.__0snprintf$3) refers to printf3.o(i._snputc) for _snputc
    printf3.o(i.__0sprintf$3) refers to printf3.o(i._printf_core) for _printf_core
    printf3.o(i.__0sprintf$3) refers to printf3.o(i._sputc) for _sputc
    printf3.o(i.__0vfprintf$3) refers to printf3.o(i._printf_core) for _printf_core
    printf3.o(i.__0vfprintf$3) refers to usart.o(.text) for fputc
    printf3.o(i.__0vprintf$3) refers to printf3.o(i._printf_core) for _printf_core
    printf3.o(i.__0vprintf$3) refers to usart.o(.text) for fputc
    printf3.o(i.__0vprintf$3) refers to stdout.o(.data) for __stdout
    printf3.o(i.__0vsnprintf$3) refers to printf3.o(i._printf_core) for _printf_core
    printf3.o(i.__0vsnprintf$3) refers to printf3.o(i._snputc) for _snputc
    printf3.o(i.__0vsprintf$3) refers to printf3.o(i._printf_core) for _printf_core
    printf3.o(i.__0vsprintf$3) refers to printf3.o(i._sputc) for _sputc
    printf3.o(i._printf_core) refers to uidiv.o(.text) for __aeabi_uidivmod
    printf4.o(i.__0fprintf$4) refers to printf4.o(i._printf_core) for _printf_core
    printf4.o(i.__0fprintf$4) refers to usart.o(.text) for fputc
    printf4.o(i.__0printf$4) refers to printf4.o(i._printf_core) for _printf_core
    printf4.o(i.__0printf$4) refers to usart.o(.text) for fputc
    printf4.o(i.__0printf$4) refers to stdout.o(.data) for __stdout
    printf4.o(i.__0snprintf$4) refers to printf4.o(i._printf_core) for _printf_core
    printf4.o(i.__0snprintf$4) refers to printf4.o(i._snputc) for _snputc
    printf4.o(i.__0sprintf$4) refers to printf4.o(i._printf_core) for _printf_core
    printf4.o(i.__0sprintf$4) refers to printf4.o(i._sputc) for _sputc
    printf4.o(i.__0vfprintf$4) refers to printf4.o(i._printf_core) for _printf_core
    printf4.o(i.__0vfprintf$4) refers to usart.o(.text) for fputc
    printf4.o(i.__0vprintf$4) refers to printf4.o(i._printf_core) for _printf_core
    printf4.o(i.__0vprintf$4) refers to usart.o(.text) for fputc
    printf4.o(i.__0vprintf$4) refers to stdout.o(.data) for __stdout
    printf4.o(i.__0vsnprintf$4) refers to printf4.o(i._printf_core) for _printf_core
    printf4.o(i.__0vsnprintf$4) refers to printf4.o(i._snputc) for _snputc
    printf4.o(i.__0vsprintf$4) refers to printf4.o(i._printf_core) for _printf_core
    printf4.o(i.__0vsprintf$4) refers to printf4.o(i._sputc) for _sputc
    printf4.o(i._printf_core) refers to uldiv.o(.text) for __aeabi_uldivmod
    printf5.o(i.__0fprintf$5) refers to printf5.o(i._printf_core) for _printf_core
    printf5.o(i.__0fprintf$5) refers to usart.o(.text) for fputc
    printf5.o(i.__0printf$5) refers to printf5.o(i._printf_core) for _printf_core
    printf5.o(i.__0printf$5) refers to usart.o(.text) for fputc
    printf5.o(i.__0printf$5) refers to stdout.o(.data) for __stdout
    printf5.o(i.__0snprintf$5) refers to printf5.o(i._printf_core) for _printf_core
    printf5.o(i.__0snprintf$5) refers to printf5.o(i._snputc) for _snputc
    printf5.o(i.__0sprintf$5) refers to printf5.o(i._printf_core) for _printf_core
    printf5.o(i.__0sprintf$5) refers to printf5.o(i._sputc) for _sputc
    printf5.o(i.__0vfprintf$5) refers to printf5.o(i._printf_core) for _printf_core
    printf5.o(i.__0vfprintf$5) refers to usart.o(.text) for fputc
    printf5.o(i.__0vprintf$5) refers to printf5.o(i._printf_core) for _printf_core
    printf5.o(i.__0vprintf$5) refers to usart.o(.text) for fputc
    printf5.o(i.__0vprintf$5) refers to stdout.o(.data) for __stdout
    printf5.o(i.__0vsnprintf$5) refers to printf5.o(i._printf_core) for _printf_core
    printf5.o(i.__0vsnprintf$5) refers to printf5.o(i._snputc) for _snputc
    printf5.o(i.__0vsprintf$5) refers to printf5.o(i._printf_core) for _printf_core
    printf5.o(i.__0vsprintf$5) refers to printf5.o(i._sputc) for _sputc
    printf5.o(i._printf_core) refers to uldiv.o(.text) for __aeabi_uldivmod
    printf6.o(i.__0fprintf$6) refers to printf6.o(i._printf_core) for _printf_core
    printf6.o(i.__0fprintf$6) refers to usart.o(.text) for fputc
    printf6.o(i.__0printf$6) refers to printf6.o(i._printf_core) for _printf_core
    printf6.o(i.__0printf$6) refers to usart.o(.text) for fputc
    printf6.o(i.__0printf$6) refers to stdout.o(.data) for __stdout
    printf6.o(i.__0snprintf$6) refers to printf6.o(i._printf_core) for _printf_core
    printf6.o(i.__0snprintf$6) refers to printf6.o(i._snputc) for _snputc
    printf6.o(i.__0sprintf$6) refers to printf6.o(i._printf_core) for _printf_core
    printf6.o(i.__0sprintf$6) refers to printf6.o(i._sputc) for _sputc
    printf6.o(i.__0vfprintf$6) refers to printf6.o(i._printf_core) for _printf_core
    printf6.o(i.__0vfprintf$6) refers to usart.o(.text) for fputc
    printf6.o(i.__0vprintf$6) refers to printf6.o(i._printf_core) for _printf_core
    printf6.o(i.__0vprintf$6) refers to usart.o(.text) for fputc
    printf6.o(i.__0vprintf$6) refers to stdout.o(.data) for __stdout
    printf6.o(i.__0vsnprintf$6) refers to printf6.o(i._printf_core) for _printf_core
    printf6.o(i.__0vsnprintf$6) refers to printf6.o(i._snputc) for _snputc
    printf6.o(i.__0vsprintf$6) refers to printf6.o(i._printf_core) for _printf_core
    printf6.o(i.__0vsprintf$6) refers to printf6.o(i._sputc) for _sputc
    printf6.o(i._printf_core) refers to printf6.o(i._printf_pre_padding) for _printf_pre_padding
    printf6.o(i._printf_core) refers to uidiv.o(.text) for __aeabi_uidivmod
    printf6.o(i._printf_core) refers to printf6.o(i._printf_post_padding) for _printf_post_padding
    printf7.o(i.__0fprintf$7) refers to printf7.o(i._printf_core) for _printf_core
    printf7.o(i.__0fprintf$7) refers to usart.o(.text) for fputc
    printf7.o(i.__0printf$7) refers to printf7.o(i._printf_core) for _printf_core
    printf7.o(i.__0printf$7) refers to usart.o(.text) for fputc
    printf7.o(i.__0printf$7) refers to stdout.o(.data) for __stdout
    printf7.o(i.__0snprintf$7) refers to printf7.o(i._printf_core) for _printf_core
    printf7.o(i.__0snprintf$7) refers to printf7.o(i._snputc) for _snputc
    printf7.o(i.__0sprintf$7) refers to printf7.o(i._printf_core) for _printf_core
    printf7.o(i.__0sprintf$7) refers to printf7.o(i._sputc) for _sputc
    printf7.o(i.__0vfprintf$7) refers to printf7.o(i._printf_core) for _printf_core
    printf7.o(i.__0vfprintf$7) refers to usart.o(.text) for fputc
    printf7.o(i.__0vprintf$7) refers to printf7.o(i._printf_core) for _printf_core
    printf7.o(i.__0vprintf$7) refers to usart.o(.text) for fputc
    printf7.o(i.__0vprintf$7) refers to stdout.o(.data) for __stdout
    printf7.o(i.__0vsnprintf$7) refers to printf7.o(i._printf_core) for _printf_core
    printf7.o(i.__0vsnprintf$7) refers to printf7.o(i._snputc) for _snputc
    printf7.o(i.__0vsprintf$7) refers to printf7.o(i._printf_core) for _printf_core
    printf7.o(i.__0vsprintf$7) refers to printf7.o(i._sputc) for _sputc
    printf7.o(i._printf_core) refers to printf7.o(i._printf_pre_padding) for _printf_pre_padding
    printf7.o(i._printf_core) refers to uldiv.o(.text) for __aeabi_uldivmod
    printf7.o(i._printf_core) refers to printf7.o(i._printf_post_padding) for _printf_post_padding
    printf8.o(i.__0fprintf$8) refers to printf8.o(i._printf_core) for _printf_core
    printf8.o(i.__0fprintf$8) refers to usart.o(.text) for fputc
    printf8.o(i.__0printf$8) refers to printf8.o(i._printf_core) for _printf_core
    printf8.o(i.__0printf$8) refers to usart.o(.text) for fputc
    printf8.o(i.__0printf$8) refers to stdout.o(.data) for __stdout
    printf8.o(i.__0snprintf$8) refers to printf8.o(i._printf_core) for _printf_core
    printf8.o(i.__0snprintf$8) refers to printf8.o(i._snputc) for _snputc
    printf8.o(i.__0sprintf$8) refers to printf8.o(i._printf_core) for _printf_core
    printf8.o(i.__0sprintf$8) refers to printf8.o(i._sputc) for _sputc
    printf8.o(i.__0vfprintf$8) refers to printf8.o(i._printf_core) for _printf_core
    printf8.o(i.__0vfprintf$8) refers to usart.o(.text) for fputc
    printf8.o(i.__0vprintf$8) refers to printf8.o(i._printf_core) for _printf_core
    printf8.o(i.__0vprintf$8) refers to usart.o(.text) for fputc
    printf8.o(i.__0vprintf$8) refers to stdout.o(.data) for __stdout
    printf8.o(i.__0vsnprintf$8) refers to printf8.o(i._printf_core) for _printf_core
    printf8.o(i.__0vsnprintf$8) refers to printf8.o(i._snputc) for _snputc
    printf8.o(i.__0vsprintf$8) refers to printf8.o(i._printf_core) for _printf_core
    printf8.o(i.__0vsprintf$8) refers to printf8.o(i._sputc) for _sputc
    printf8.o(i._printf_core) refers to printf8.o(i._printf_pre_padding) for _printf_pre_padding
    printf8.o(i._printf_core) refers to uldiv.o(.text) for __aeabi_uldivmod
    printf8.o(i._printf_core) refers to printf8.o(i._printf_post_padding) for _printf_post_padding
    printfa.o(i.__0fprintf) refers (Special) to iusefp.o(.text) for __I$use$fp
    printfa.o(i.__0fprintf) refers to printfa.o(i._printf_core) for _printf_core
    printfa.o(i.__0fprintf) refers to usart.o(.text) for fputc
    printfa.o(i.__0printf) refers (Special) to iusefp.o(.text) for __I$use$fp
    printfa.o(i.__0printf) refers to printfa.o(i._printf_core) for _printf_core
    printfa.o(i.__0printf) refers to usart.o(.text) for fputc
    printfa.o(i.__0printf) refers to stdout.o(.data) for __stdout
    printfa.o(i.__0snprintf) refers (Special) to iusefp.o(.text) for __I$use$fp
    printfa.o(i.__0snprintf) refers to printfa.o(i._printf_core) for _printf_core
    printfa.o(i.__0snprintf) refers to printfa.o(i._snputc) for _snputc
    printfa.o(i.__0sprintf) refers (Special) to iusefp.o(.text) for __I$use$fp
    printfa.o(i.__0sprintf) refers to printfa.o(i._printf_core) for _printf_core
    printfa.o(i.__0sprintf) refers to printfa.o(i._sputc) for _sputc
    printfa.o(i.__0vfprintf) refers (Special) to iusefp.o(.text) for __I$use$fp
    printfa.o(i.__0vfprintf) refers to printfa.o(i._printf_core) for _printf_core
    printfa.o(i.__0vfprintf) refers to usart.o(.text) for fputc
    printfa.o(i.__0vprintf) refers (Special) to iusefp.o(.text) for __I$use$fp
    printfa.o(i.__0vprintf) refers to printfa.o(i._printf_core) for _printf_core
    printfa.o(i.__0vprintf) refers to usart.o(.text) for fputc
    printfa.o(i.__0vprintf) refers to stdout.o(.data) for __stdout
    printfa.o(i.__0vsnprintf) refers (Special) to iusefp.o(.text) for __I$use$fp
    printfa.o(i.__0vsnprintf) refers to printfa.o(i._printf_core) for _printf_core
    printfa.o(i.__0vsnprintf) refers to printfa.o(i._snputc) for _snputc
    printfa.o(i.__0vsprintf) refers (Special) to iusefp.o(.text) for __I$use$fp
    printfa.o(i.__0vsprintf) refers to printfa.o(i._printf_core) for _printf_core
    printfa.o(i.__0vsprintf) refers to printfa.o(i._sputc) for _sputc
    printfa.o(i._fp_digits) refers (Special) to iusefp.o(.text) for __I$use$fp
    printfa.o(i._fp_digits) refers to dmul.o(.text) for __aeabi_dmul
    printfa.o(i._fp_digits) refers to ddiv.o(.text) for __aeabi_ddiv
    printfa.o(i._fp_digits) refers to cdrcmple.o(.text) for __aeabi_cdrcmple
    printfa.o(i._fp_digits) refers to dadd.o(.text) for __aeabi_dadd
    printfa.o(i._fp_digits) refers to dfixul.o(.text) for __aeabi_d2ulz
    printfa.o(i._fp_digits) refers to uldiv.o(.text) for __aeabi_uldivmod
    printfa.o(i._printf_core) refers (Special) to iusefp.o(.text) for __I$use$fp
    printfa.o(i._printf_core) refers to printfa.o(i._printf_pre_padding) for _printf_pre_padding
    printfa.o(i._printf_core) refers to uldiv.o(.text) for __aeabi_uldivmod
    printfa.o(i._printf_core) refers to printfa.o(i._printf_post_padding) for _printf_post_padding
    printfa.o(i._printf_core) refers to printfa.o(i._fp_digits) for _fp_digits
    printfa.o(i._printf_core) refers to uidiv.o(.text) for __aeabi_uidivmod
    printfa.o(i._printf_post_padding) refers (Special) to iusefp.o(.text) for __I$use$fp
    printfa.o(i._printf_pre_padding) refers (Special) to iusefp.o(.text) for __I$use$fp
    printfa.o(i._snputc) refers (Special) to iusefp.o(.text) for __I$use$fp
    printfa.o(i._sputc) refers (Special) to iusefp.o(.text) for __I$use$fp
    entry2.o(.ARM.Collect$$$$00000001) refers to entry2.o(.ARM.Collect$$$$00002712) for __lit__00000000
    entry2.o(.ARM.Collect$$$$00002712) refers to startup_stm32f10x_md.o(STACK) for __initial_sp
    entry2.o(__vectab_stack_and_reset_area) refers to startup_stm32f10x_md.o(STACK) for __initial_sp
    entry2.o(__vectab_stack_and_reset_area) refers to entry.o(.ARM.Collect$$$$00000000) for __main
    entry5.o(.ARM.Collect$$$$00000004) refers to init.o(.text) for __scatterload
    entry9a.o(.ARM.Collect$$$$0000000B) refers to main.o(.text) for main
    entry9b.o(.ARM.Collect$$$$0000000C) refers to main.o(.text) for main
    uldiv.o(.text) refers to llushr.o(.text) for __aeabi_llsr
    uldiv.o(.text) refers to llshl.o(.text) for __aeabi_llsl
    dadd.o(.text) refers to llshl.o(.text) for __aeabi_llsl
    dadd.o(.text) refers to llsshr.o(.text) for __aeabi_lasr
    dadd.o(.text) refers to depilogue.o(.text) for _double_epilogue
    dmul.o(.text) refers to depilogue.o(.text) for _double_epilogue
    ddiv.o(.text) refers to depilogue.o(.text) for _double_round
    dfixul.o(.text) refers to llushr.o(.text) for __aeabi_llsr
    dfixul.o(.text) refers to llshl.o(.text) for __aeabi_llsl
    init.o(.text) refers to entry5.o(.ARM.Collect$$$$00000004) for __main_after_scatterload
    depilogue.o(.text) refers to llshl.o(.text) for __aeabi_llsl
    depilogue.o(.text) refers to llushr.o(.text) for __aeabi_llsr


==============================================================================

Removing Unused input sections from the image.

    Removing core_cm3.o(.emb_text), (32 bytes).
    Removing startup_stm32f10x_md.o(HEAP), (512 bytes).
    Removing dadd.o(.text), (334 bytes).
    Removing dmul.o(.text), (228 bytes).
    Removing ddiv.o(.text), (222 bytes).
    Removing dfixul.o(.text), (48 bytes).
    Removing cdrcmple.o(.text), (48 bytes).
    Removing depilogue.o(.text), (186 bytes).

8 unused section(s) (total 1610 bytes) removed from the image.

==============================================================================

Image Symbol Table

    Local Symbols

    Symbol Name                              Value     Ov Type        Size  Object(Section)

    ../clib/microlib/division.c              0x00000000   Number         0  uldiv.o ABSOLUTE
    ../clib/microlib/division.c              0x00000000   Number         0  uidiv.o ABSOLUTE
    ../clib/microlib/init/entry.s            0x00000000   Number         0  entry5.o ABSOLUTE
    ../clib/microlib/init/entry.s            0x00000000   Number         0  entry11a.o ABSOLUTE
    ../clib/microlib/init/entry.s            0x00000000   Number         0  entry9a.o ABSOLUTE
    ../clib/microlib/init/entry.s            0x00000000   Number         0  entry10b.o ABSOLUTE
    ../clib/microlib/init/entry.s            0x00000000   Number         0  entry7b.o ABSOLUTE
    ../clib/microlib/init/entry.s            0x00000000   Number         0  entry8a.o ABSOLUTE
    ../clib/microlib/init/entry.s            0x00000000   Number         0  entry10a.o ABSOLUTE
    ../clib/microlib/init/entry.s            0x00000000   Number         0  entry9b.o ABSOLUTE
    ../clib/microlib/init/entry.s            0x00000000   Number         0  entry7a.o ABSOLUTE
    ../clib/microlib/init/entry.s            0x00000000   Number         0  entry2.o ABSOLUTE
    ../clib/microlib/init/entry.s            0x00000000   Number         0  entry.o ABSOLUTE
    ../clib/microlib/init/entry.s            0x00000000   Number         0  entry11b.o ABSOLUTE
    ../clib/microlib/init/entry.s            0x00000000   Number         0  entry8b.o ABSOLUTE
    ../clib/microlib/longlong.c              0x00000000   Number         0  llsshr.o ABSOLUTE
    ../clib/microlib/longlong.c              0x00000000   Number         0  llushr.o ABSOLUTE
    ../clib/microlib/longlong.c              0x00000000   Number         0  llshl.o ABSOLUTE
    ../clib/microlib/printf/printf.c         0x00000000   Number         0  printfa.o ABSOLUTE
    ../clib/microlib/printf/printf.c         0x00000000   Number         0  printf2.o ABSOLUTE
    ../clib/microlib/printf/printf.c         0x00000000   Number         0  printf8.o ABSOLUTE
    ../clib/microlib/printf/printf.c         0x00000000   Number         0  printf7.o ABSOLUTE
    ../clib/microlib/printf/printf.c         0x00000000   Number         0  printf6.o ABSOLUTE
    ../clib/microlib/printf/printf.c         0x00000000   Number         0  printf5.o ABSOLUTE
    ../clib/microlib/printf/printf.c         0x00000000   Number         0  printf3.o ABSOLUTE
    ../clib/microlib/printf/printf.c         0x00000000   Number         0  printf1.o ABSOLUTE
    ../clib/microlib/printf/printf.c         0x00000000   Number         0  printf0.o ABSOLUTE
    ../clib/microlib/printf/printf.c         0x00000000   Number         0  printfb.o ABSOLUTE
    ../clib/microlib/printf/printf.c         0x00000000   Number         0  printf4.o ABSOLUTE
    ../clib/microlib/printf/stubs.s          0x00000000   Number         0  stubs.o ABSOLUTE
    ../clib/microlib/stdio/streams.c         0x00000000   Number         0  stdout.o ABSOLUTE
    ../clib/microlib/string/memset.c         0x00000000   Number         0  memseta.o ABSOLUTE
    ../clib/microlib/stubs.s                 0x00000000   Number         0  iusefp.o ABSOLUTE
    ../fplib/microlib/fpadd.c                0x00000000   Number         0  dadd.o ABSOLUTE
    ../fplib/microlib/fpdiv.c                0x00000000   Number         0  ddiv.o ABSOLUTE
    ../fplib/microlib/fpepilogue.c           0x00000000   Number         0  depilogue.o ABSOLUTE
    ../fplib/microlib/fpfix.c                0x00000000   Number         0  dfixul.o ABSOLUTE
    ../fplib/microlib/fpmul.c                0x00000000   Number         0  dmul.o ABSOLUTE
    ..\CORE\core_cm3.c                       0x00000000   Number         0  core_cm3.o ABSOLUTE
    ..\CORE\startup_stm32f10x_md.s           0x00000000   Number         0  startup_stm32f10x_md.o ABSOLUTE
    ..\DELAY\delay.c                         0x00000000   Number         0  delay.o ABSOLUTE
    ..\FWLIB\src\misc.c                      0x00000000   Number         0  misc.o ABSOLUTE
    ..\FWLIB\src\stm32f10x_gpio.c            0x00000000   Number         0  stm32f10x_gpio.o ABSOLUTE
    ..\FWLIB\src\stm32f10x_rcc.c             0x00000000   Number         0  stm32f10x_rcc.o ABSOLUTE
    ..\FWLIB\src\stm32f10x_spi.c             0x00000000   Number         0  stm32f10x_spi.o ABSOLUTE
    ..\FWLIB\src\stm32f10x_usart.c           0x00000000   Number         0  stm32f10x_usart.o ABSOLUTE
    ..\HARDWARE\DHCP\dhcp.c                  0x00000000   Number         0  dhcp.o ABSOLUTE
    ..\HARDWARE\Ethernet\W5500\w5500.c       0x00000000   Number         0  w5500.o ABSOLUTE
    ..\HARDWARE\Ethernet\socket.c            0x00000000   Number         0  socket.o ABSOLUTE
    ..\HARDWARE\Ethernet\wizchip_conf.c      0x00000000   Number         0  wizchip_conf.o ABSOLUTE
    ..\HARDWARE\LED\led.c                    0x00000000   Number         0  led.o ABSOLUTE
    ..\HARDWARE\SPI\spi.c                    0x00000000   Number         0  spi.o ABSOLUTE
    ..\USART\usart.c                         0x00000000   Number         0  usart.o ABSOLUTE
    ..\\CORE\\core_cm3.c                     0x00000000   Number         0  core_cm3.o ABSOLUTE
    cdrcmple.s                               0x00000000   Number         0  cdrcmple.o ABSOLUTE
    dc.s                                     0x00000000   Number         0  dc.o ABSOLUTE
    handlers.s                               0x00000000   Number         0  handlers.o ABSOLUTE
    init.s                                   0x00000000   Number         0  init.o ABSOLUTE
    main.c                                   0x00000000   Number         0  main.o ABSOLUTE
    stm32f10x_it.c                           0x00000000   Number         0  stm32f10x_it.o ABSOLUTE
    system_stm32f10x.c                       0x00000000   Number         0  system_stm32f10x.o ABSOLUTE
    RESET                                    0x08000000   Section      236  startup_stm32f10x_md.o(RESET)
    .ARM.Collect$$$$00000000                 0x080000ec   Section        0  entry.o(.ARM.Collect$$$$00000000)
    .ARM.Collect$$$$00000001                 0x080000ec   Section        4  entry2.o(.ARM.Collect$$$$00000001)
    .ARM.Collect$$$$00000004                 0x080000f0   Section        4  entry5.o(.ARM.Collect$$$$00000004)
    .ARM.Collect$$$$00000008                 0x080000f4   Section        0  entry7b.o(.ARM.Collect$$$$00000008)
    .ARM.Collect$$$$0000000A                 0x080000f4   Section        0  entry8b.o(.ARM.Collect$$$$0000000A)
    .ARM.Collect$$$$0000000B                 0x080000f4   Section        8  entry9a.o(.ARM.Collect$$$$0000000B)
    .ARM.Collect$$$$0000000D                 0x080000fc   Section        0  entry10a.o(.ARM.Collect$$$$0000000D)
    .ARM.Collect$$$$0000000F                 0x080000fc   Section        0  entry11a.o(.ARM.Collect$$$$0000000F)
    .ARM.Collect$$$$00002712                 0x080000fc   Section        4  entry2.o(.ARM.Collect$$$$00002712)
    __lit__00000000                          0x080000fc   Data           4  entry2.o(.ARM.Collect$$$$00002712)
    .text                                    0x08000100   Section        0  main.o(.text)
    .text                                    0x0800057c   Section        0  stm32f10x_it.o(.text)
    .text                                    0x08000598   Section        0  system_stm32f10x.o(.text)
    SetSysClockTo72                          0x08000599   Thumb Code   214  system_stm32f10x.o(.text)
    SetSysClock                              0x0800066f   Thumb Code     8  system_stm32f10x.o(.text)
    .text                                    0x08000778   Section        0  misc.o(.text)
    .text                                    0x08000854   Section        0  stm32f10x_gpio.o(.text)
    .text                                    0x08000bb0   Section        0  stm32f10x_rcc.o(.text)
    .text                                    0x08000f54   Section        0  stm32f10x_usart.o(.text)
    .text                                    0x0800135c   Section        0  stm32f10x_spi.o(.text)
    .text                                    0x08001668   Section       36  startup_stm32f10x_md.o(.text)
    .text                                    0x0800168c   Section        0  delay.o(.text)
    .text                                    0x08001760   Section        0  usart.o(.text)
    .text                                    0x080018bc   Section        0  led.o(.text)
    .text                                    0x0800190c   Section        0  spi.o(.text)
    .text                                    0x08001a90   Section        0  wizchip_conf.o(.text)
    .text                                    0x08002120   Section        0  socket.o(.text)
    .text                                    0x080030d0   Section        0  w5500.o(.text)
    .text                                    0x08003468   Section        0  dhcp.o(.text)
    .text                                    0x08004464   Section        0  memseta.o(.text)
    .text                                    0x08004488   Section        0  uldiv.o(.text)
    .text                                    0x080044ec   Section       36  init.o(.text)
    .text                                    0x08004510   Section        0  llshl.o(.text)
    .text                                    0x0800452e   Section        0  llushr.o(.text)
    i.__0printf$8                            0x08004550   Section        0  printf8.o(i.__0printf$8)
    i.__0sprintf$8                           0x08004570   Section        0  printf8.o(i.__0sprintf$8)
    i.__scatterload_copy                     0x08004598   Section       14  handlers.o(i.__scatterload_copy)
    i.__scatterload_null                     0x080045a6   Section        2  handlers.o(i.__scatterload_null)
    i.__scatterload_zeroinit                 0x080045a8   Section       14  handlers.o(i.__scatterload_zeroinit)
    i._printf_core                           0x080045b8   Section        0  printf8.o(i._printf_core)
    _printf_core                             0x080045b9   Thumb Code   996  printf8.o(i._printf_core)
    i._printf_post_padding                   0x080049c8   Section        0  printf8.o(i._printf_post_padding)
    _printf_post_padding                     0x080049c9   Thumb Code    36  printf8.o(i._printf_post_padding)
    i._printf_pre_padding                    0x080049ec   Section        0  printf8.o(i._printf_pre_padding)
    _printf_pre_padding                      0x080049ed   Thumb Code    46  printf8.o(i._printf_pre_padding)
    i._sputc                                 0x08004a1a   Section        0  printf8.o(i._sputc)
    _sputc                                   0x08004a1b   Thumb Code    10  printf8.o(i._sputc)
    .constdata                               0x08004a24   Section       16  main.o(.constdata)
    .data                                    0x20000000   Section        6  main.o(.data)
    .data                                    0x20000008   Section       20  system_stm32f10x.o(.data)
    .data                                    0x2000001c   Section       20  stm32f10x_rcc.o(.data)
    APBAHBPrescTable                         0x2000001c   Data          16  stm32f10x_rcc.o(.data)
    ADCPrescTable                            0x2000002c   Data           4  stm32f10x_rcc.o(.data)
    .data                                    0x20000030   Section        4  delay.o(.data)
    fac_us                                   0x20000030   Data           1  delay.o(.data)
    fac_ms                                   0x20000032   Data           2  delay.o(.data)
    .data                                    0x20000034   Section        8  usart.o(.data)
    .data                                    0x2000003c   Section       37  wizchip_conf.o(.data)
    _DNS_                                    0x2000005c   Data           4  wizchip_conf.o(.data)
    _DHCP_                                   0x20000060   Data           1  wizchip_conf.o(.data)
    .data                                    0x20000062   Section       14  socket.o(.data)
    sock_any_port                            0x20000062   Data           2  socket.o(.data)
    sock_io_mode                             0x20000064   Data           2  socket.o(.data)
    sock_is_sending                          0x20000066   Data           2  socket.o(.data)
    sock_pack_info                           0x20000068   Data           8  socket.o(.data)
    .data                                    0x20000070   Section       76  dhcp.o(.data)
    .data                                    0x200000bc   Section        4  stdout.o(.data)
    .bss                                     0x200000c0   Section     4119  main.o(.bss)
    .bss                                     0x200010d7   Section      200  usart.o(.bss)
    .bss                                     0x200011a0   Section       16  socket.o(.bss)
    sock_remained_size                       0x200011a0   Data          16  socket.o(.bss)
    STACK                                    0x200011b0   Section     1024  startup_stm32f10x_md.o(STACK)

    Global Symbols

    Symbol Name                              Value     Ov Type        Size  Object(Section)

    BuildAttributes$$THM_ISAv4$P$D$K$B$S$PE$A:L22UL41UL21$X:L11$S22US41US21$IEEE1$IW$USESV6$~STKCKD$USESV7$~SHL$OSPACE$ROPI$EBA8$MICROLIB$REQ8$PRES8$EABIv2 0x00000000   Number         0  anon$$obj.o ABSOLUTE
    __ARM_use_no_argv                        0x00000000   Number         0  main.o ABSOLUTE
    _printf_a                                0x00000000   Number         0  stubs.o ABSOLUTE
    _printf_c                                0x00000000   Number         0  stubs.o ABSOLUTE
    _printf_charcount                        0x00000000   Number         0  stubs.o ABSOLUTE
    _printf_d                                0x00000000   Number         0  stubs.o ABSOLUTE
    _printf_e                                0x00000000   Number         0  stubs.o ABSOLUTE
    _printf_f                                0x00000000   Number         0  stubs.o ABSOLUTE
    _printf_flags                            0x00000000   Number         0  stubs.o ABSOLUTE
    _printf_fp_dec                           0x00000000   Number         0  stubs.o ABSOLUTE
    _printf_fp_hex                           0x00000000   Number         0  stubs.o ABSOLUTE
    _printf_g                                0x00000000   Number         0  stubs.o ABSOLUTE
    _printf_i                                0x00000000   Number         0  stubs.o ABSOLUTE
    _printf_int_dec                          0x00000000   Number         0  stubs.o ABSOLUTE
    _printf_l                                0x00000000   Number         0  stubs.o ABSOLUTE
    _printf_lc                               0x00000000   Number         0  stubs.o ABSOLUTE
    _printf_ll                               0x00000000   Number         0  stubs.o ABSOLUTE
    _printf_lld                              0x00000000   Number         0  stubs.o ABSOLUTE
    _printf_lli                              0x00000000   Number         0  stubs.o ABSOLUTE
    _printf_llo                              0x00000000   Number         0  stubs.o ABSOLUTE
    _printf_llu                              0x00000000   Number         0  stubs.o ABSOLUTE
    _printf_llx                              0x00000000   Number         0  stubs.o ABSOLUTE
    _printf_longlong_dec                     0x00000000   Number         0  stubs.o ABSOLUTE
    _printf_longlong_hex                     0x00000000   Number         0  stubs.o ABSOLUTE
    _printf_longlong_oct                     0x00000000   Number         0  stubs.o ABSOLUTE
    _printf_ls                               0x00000000   Number         0  stubs.o ABSOLUTE
    _printf_mbtowc                           0x00000000   Number         0  stubs.o ABSOLUTE
    _printf_n                                0x00000000   Number         0  stubs.o ABSOLUTE
    _printf_o                                0x00000000   Number         0  stubs.o ABSOLUTE
    _printf_p                                0x00000000   Number         0  stubs.o ABSOLUTE
    _printf_percent                          0x00000000   Number         0  stubs.o ABSOLUTE
    _printf_pre_padding                      0x00000000   Number         0  stubs.o ABSOLUTE
    _printf_return_value                     0x00000000   Number         0  stubs.o ABSOLUTE
    _printf_s                                0x00000000   Number         0  stubs.o ABSOLUTE
    _printf_sizespec                         0x00000000   Number         0  stubs.o ABSOLUTE
    _printf_str                              0x00000000   Number         0  stubs.o ABSOLUTE
    _printf_truncate_signed                  0x00000000   Number         0  stubs.o ABSOLUTE
    _printf_truncate_unsigned                0x00000000   Number         0  stubs.o ABSOLUTE
    _printf_u                                0x00000000   Number         0  stubs.o ABSOLUTE
    _printf_wc                               0x00000000   Number         0  stubs.o ABSOLUTE
    _printf_wctomb                           0x00000000   Number         0  stubs.o ABSOLUTE
    _printf_widthprec                        0x00000000   Number         0  stubs.o ABSOLUTE
    _printf_x                                0x00000000   Number         0  stubs.o ABSOLUTE
    __cpp_initialize__aeabi_                  - Undefined Weak Reference
    __cxa_finalize                            - Undefined Weak Reference
    __decompress                              - Undefined Weak Reference
    _clock_init                               - Undefined Weak Reference
    _microlib_exit                            - Undefined Weak Reference
    __Vectors_Size                           0x000000ec   Number         0  startup_stm32f10x_md.o ABSOLUTE
    __Vectors                                0x08000000   Data           4  startup_stm32f10x_md.o(RESET)
    __Vectors_End                            0x080000ec   Data           0  startup_stm32f10x_md.o(RESET)
    __main                                   0x080000ed   Thumb Code     0  entry.o(.ARM.Collect$$$$00000000)
    _main_stk                                0x080000ed   Thumb Code     0  entry2.o(.ARM.Collect$$$$00000001)
    _main_scatterload                        0x080000f1   Thumb Code     0  entry5.o(.ARM.Collect$$$$00000004)
    __main_after_scatterload                 0x080000f5   Thumb Code     0  entry5.o(.ARM.Collect$$$$00000004)
    _main_clock                              0x080000f5   Thumb Code     0  entry7b.o(.ARM.Collect$$$$00000008)
    _main_cpp_init                           0x080000f5   Thumb Code     0  entry8b.o(.ARM.Collect$$$$0000000A)
    _main_init                               0x080000f5   Thumb Code     0  entry9a.o(.ARM.Collect$$$$0000000B)
    __rt_final_cpp                           0x080000fd   Thumb Code     0  entry10a.o(.ARM.Collect$$$$0000000D)
    __rt_final_exit                          0x080000fd   Thumb Code     0  entry11a.o(.ARM.Collect$$$$0000000F)
    Load_Net_Parameters                      0x08000101   Thumb Code    90  main.o(.text)
    loopback_tcpc                            0x0800015b   Thumb Code   286  main.o(.text)
    network_init                             0x08000279   Thumb Code    12  main.o(.text)
    my_ip_assign                             0x08000285   Thumb Code    60  main.o(.text)
    my_ip_conflict                           0x080002c1   Thumb Code    10  main.o(.text)
    main                                     0x080002cb   Thumb Code   336  main.o(.text)
    NMI_Handler                              0x0800057d   Thumb Code     2  stm32f10x_it.o(.text)
    HardFault_Handler                        0x0800057f   Thumb Code     4  stm32f10x_it.o(.text)
    MemManage_Handler                        0x08000583   Thumb Code     4  stm32f10x_it.o(.text)
    BusFault_Handler                         0x08000587   Thumb Code     4  stm32f10x_it.o(.text)
    UsageFault_Handler                       0x0800058b   Thumb Code     4  stm32f10x_it.o(.text)
    SVC_Handler                              0x0800058f   Thumb Code     2  stm32f10x_it.o(.text)
    DebugMon_Handler                         0x08000591   Thumb Code     2  stm32f10x_it.o(.text)
    PendSV_Handler                           0x08000593   Thumb Code     2  stm32f10x_it.o(.text)
    SysTick_Handler                          0x08000595   Thumb Code     2  stm32f10x_it.o(.text)
    SystemInit                               0x08000677   Thumb Code    78  system_stm32f10x.o(.text)
    SystemCoreClockUpdate                    0x080006c5   Thumb Code   142  system_stm32f10x.o(.text)
    NVIC_PriorityGroupConfig                 0x08000779   Thumb Code    10  misc.o(.text)
    NVIC_Init                                0x08000783   Thumb Code   100  misc.o(.text)
    NVIC_SetVectorTable                      0x080007e7   Thumb Code    14  misc.o(.text)
    NVIC_SystemLPConfig                      0x080007f5   Thumb Code    34  misc.o(.text)
    SysTick_CLKSourceConfig                  0x08000817   Thumb Code    40  misc.o(.text)
    GPIO_DeInit                              0x08000855   Thumb Code   172  stm32f10x_gpio.o(.text)
    GPIO_AFIODeInit                          0x08000901   Thumb Code    20  stm32f10x_gpio.o(.text)
    GPIO_Init                                0x08000915   Thumb Code   278  stm32f10x_gpio.o(.text)
    GPIO_StructInit                          0x08000a2b   Thumb Code    16  stm32f10x_gpio.o(.text)
    GPIO_ReadInputDataBit                    0x08000a3b   Thumb Code    18  stm32f10x_gpio.o(.text)
    GPIO_ReadInputData                       0x08000a4d   Thumb Code     8  stm32f10x_gpio.o(.text)
    GPIO_ReadOutputDataBit                   0x08000a55   Thumb Code    18  stm32f10x_gpio.o(.text)
    GPIO_ReadOutputData                      0x08000a67   Thumb Code     8  stm32f10x_gpio.o(.text)
    GPIO_SetBits                             0x08000a6f   Thumb Code     4  stm32f10x_gpio.o(.text)
    GPIO_ResetBits                           0x08000a73   Thumb Code     4  stm32f10x_gpio.o(.text)
    GPIO_WriteBit                            0x08000a77   Thumb Code    10  stm32f10x_gpio.o(.text)
    GPIO_Write                               0x08000a81   Thumb Code     4  stm32f10x_gpio.o(.text)
    GPIO_PinLockConfig                       0x08000a85   Thumb Code    18  stm32f10x_gpio.o(.text)
    GPIO_EventOutputConfig                   0x08000a97   Thumb Code    26  stm32f10x_gpio.o(.text)
    GPIO_EventOutputCmd                      0x08000ab1   Thumb Code     6  stm32f10x_gpio.o(.text)
    GPIO_PinRemapConfig                      0x08000ab7   Thumb Code   138  stm32f10x_gpio.o(.text)
    GPIO_EXTILineConfig                      0x08000b41   Thumb Code    66  stm32f10x_gpio.o(.text)
    GPIO_ETH_MediaInterfaceConfig            0x08000b83   Thumb Code     8  stm32f10x_gpio.o(.text)
    RCC_DeInit                               0x08000bb1   Thumb Code    64  stm32f10x_rcc.o(.text)
    RCC_HSEConfig                            0x08000bf1   Thumb Code    70  stm32f10x_rcc.o(.text)
    RCC_GetFlagStatus                        0x08000c37   Thumb Code    56  stm32f10x_rcc.o(.text)
    RCC_WaitForHSEStartUp                    0x08000c6f   Thumb Code    56  stm32f10x_rcc.o(.text)
    RCC_AdjustHSICalibrationValue            0x08000ca7   Thumb Code    20  stm32f10x_rcc.o(.text)
    RCC_HSICmd                               0x08000cbb   Thumb Code     6  stm32f10x_rcc.o(.text)
    RCC_PLLConfig                            0x08000cc1   Thumb Code    24  stm32f10x_rcc.o(.text)
    RCC_PLLCmd                               0x08000cd9   Thumb Code     6  stm32f10x_rcc.o(.text)
    RCC_SYSCLKConfig                         0x08000cdf   Thumb Code    18  stm32f10x_rcc.o(.text)
    RCC_GetSYSCLKSource                      0x08000cf1   Thumb Code    10  stm32f10x_rcc.o(.text)
    RCC_HCLKConfig                           0x08000cfb   Thumb Code    18  stm32f10x_rcc.o(.text)
    RCC_PCLK1Config                          0x08000d0d   Thumb Code    18  stm32f10x_rcc.o(.text)
    RCC_PCLK2Config                          0x08000d1f   Thumb Code    20  stm32f10x_rcc.o(.text)
    RCC_ITConfig                             0x08000d33   Thumb Code    26  stm32f10x_rcc.o(.text)
    RCC_USBCLKConfig                         0x08000d4d   Thumb Code     8  stm32f10x_rcc.o(.text)
    RCC_ADCCLKConfig                         0x08000d55   Thumb Code    18  stm32f10x_rcc.o(.text)
    RCC_LSEConfig                            0x08000d67   Thumb Code    50  stm32f10x_rcc.o(.text)
    RCC_LSICmd                               0x08000d99   Thumb Code     6  stm32f10x_rcc.o(.text)
    RCC_RTCCLKConfig                         0x08000d9f   Thumb Code    12  stm32f10x_rcc.o(.text)
    RCC_RTCCLKCmd                            0x08000dab   Thumb Code     8  stm32f10x_rcc.o(.text)
    RCC_GetClocksFreq                        0x08000db3   Thumb Code   192  stm32f10x_rcc.o(.text)
    RCC_AHBPeriphClockCmd                    0x08000e73   Thumb Code    26  stm32f10x_rcc.o(.text)
    RCC_APB2PeriphClockCmd                   0x08000e8d   Thumb Code    26  stm32f10x_rcc.o(.text)
    RCC_APB1PeriphClockCmd                   0x08000ea7   Thumb Code    26  stm32f10x_rcc.o(.text)
    RCC_APB2PeriphResetCmd                   0x08000ec1   Thumb Code    26  stm32f10x_rcc.o(.text)
    RCC_APB1PeriphResetCmd                   0x08000edb   Thumb Code    26  stm32f10x_rcc.o(.text)
    RCC_BackupResetCmd                       0x08000ef5   Thumb Code     8  stm32f10x_rcc.o(.text)
    RCC_ClockSecuritySystemCmd               0x08000efd   Thumb Code     6  stm32f10x_rcc.o(.text)
    RCC_MCOConfig                            0x08000f03   Thumb Code     6  stm32f10x_rcc.o(.text)
    RCC_ClearFlag                            0x08000f09   Thumb Code    14  stm32f10x_rcc.o(.text)
    RCC_GetITStatus                          0x08000f17   Thumb Code    20  stm32f10x_rcc.o(.text)
    RCC_ClearITPendingBit                    0x08000f2b   Thumb Code     6  stm32f10x_rcc.o(.text)
    USART_DeInit                             0x08000f55   Thumb Code   134  stm32f10x_usart.o(.text)
    USART_Init                               0x08000fdb   Thumb Code   210  stm32f10x_usart.o(.text)
    USART_StructInit                         0x080010ad   Thumb Code    24  stm32f10x_usart.o(.text)
    USART_ClockInit                          0x080010c5   Thumb Code    34  stm32f10x_usart.o(.text)
    USART_ClockStructInit                    0x080010e7   Thumb Code    12  stm32f10x_usart.o(.text)
    USART_Cmd                                0x080010f3   Thumb Code    24  stm32f10x_usart.o(.text)
    USART_ITConfig                           0x0800110b   Thumb Code    74  stm32f10x_usart.o(.text)
    USART_DMACmd                             0x08001155   Thumb Code    18  stm32f10x_usart.o(.text)
    USART_SetAddress                         0x08001167   Thumb Code    18  stm32f10x_usart.o(.text)
    USART_WakeUpConfig                       0x08001179   Thumb Code    18  stm32f10x_usart.o(.text)
    USART_ReceiverWakeUpCmd                  0x0800118b   Thumb Code    24  stm32f10x_usart.o(.text)
    USART_LINBreakDetectLengthConfig         0x080011a3   Thumb Code    18  stm32f10x_usart.o(.text)
    USART_LINCmd                             0x080011b5   Thumb Code    24  stm32f10x_usart.o(.text)
    USART_SendData                           0x080011cd   Thumb Code     8  stm32f10x_usart.o(.text)
    USART_ReceiveData                        0x080011d5   Thumb Code    10  stm32f10x_usart.o(.text)
    USART_SendBreak                          0x080011df   Thumb Code    10  stm32f10x_usart.o(.text)
    USART_SetGuardTime                       0x080011e9   Thumb Code    16  stm32f10x_usart.o(.text)
    USART_SetPrescaler                       0x080011f9   Thumb Code    16  stm32f10x_usart.o(.text)
    USART_SmartCardCmd                       0x08001209   Thumb Code    24  stm32f10x_usart.o(.text)
    USART_SmartCardNACKCmd                   0x08001221   Thumb Code    24  stm32f10x_usart.o(.text)
    USART_HalfDuplexCmd                      0x08001239   Thumb Code    24  stm32f10x_usart.o(.text)
    USART_OverSampling8Cmd                   0x08001251   Thumb Code    22  stm32f10x_usart.o(.text)
    USART_OneBitMethodCmd                    0x08001267   Thumb Code    24  stm32f10x_usart.o(.text)
    USART_IrDAConfig                         0x0800127f   Thumb Code    18  stm32f10x_usart.o(.text)
    USART_IrDACmd                            0x08001291   Thumb Code    24  stm32f10x_usart.o(.text)
    USART_GetFlagStatus                      0x080012a9   Thumb Code    26  stm32f10x_usart.o(.text)
    USART_ClearFlag                          0x080012c3   Thumb Code    18  stm32f10x_usart.o(.text)
    USART_GetITStatus                        0x080012d5   Thumb Code    84  stm32f10x_usart.o(.text)
    USART_ClearITPendingBit                  0x08001329   Thumb Code    52  stm32f10x_usart.o(.text)
    SPI_I2S_DeInit                           0x0800135d   Thumb Code    76  stm32f10x_spi.o(.text)
    SPI_Init                                 0x080013a9   Thumb Code    60  stm32f10x_spi.o(.text)
    I2S_Init                                 0x080013e5   Thumb Code   226  stm32f10x_spi.o(.text)
    SPI_StructInit                           0x080014c7   Thumb Code    24  stm32f10x_spi.o(.text)
    I2S_StructInit                           0x080014df   Thumb Code    20  stm32f10x_spi.o(.text)
    SPI_Cmd                                  0x080014f3   Thumb Code    24  stm32f10x_spi.o(.text)
    I2S_Cmd                                  0x0800150b   Thumb Code    24  stm32f10x_spi.o(.text)
    SPI_I2S_ITConfig                         0x08001523   Thumb Code    32  stm32f10x_spi.o(.text)
    SPI_I2S_DMACmd                           0x08001543   Thumb Code    18  stm32f10x_spi.o(.text)
    SPI_I2S_SendData                         0x08001555   Thumb Code     4  stm32f10x_spi.o(.text)
    SPI_I2S_ReceiveData                      0x08001559   Thumb Code     6  stm32f10x_spi.o(.text)
    SPI_NSSInternalSoftwareConfig            0x0800155f   Thumb Code    30  stm32f10x_spi.o(.text)
    SPI_SSOutputCmd                          0x0800157d   Thumb Code    24  stm32f10x_spi.o(.text)
    SPI_DataSizeConfig                       0x08001595   Thumb Code    18  stm32f10x_spi.o(.text)
    SPI_TransmitCRC                          0x080015a7   Thumb Code    10  stm32f10x_spi.o(.text)
    SPI_CalculateCRC                         0x080015b1   Thumb Code    24  stm32f10x_spi.o(.text)
    SPI_GetCRC                               0x080015c9   Thumb Code    16  stm32f10x_spi.o(.text)
    SPI_GetCRCPolynomial                     0x080015d9   Thumb Code     6  stm32f10x_spi.o(.text)
    SPI_BiDirectionalLineConfig              0x080015df   Thumb Code    28  stm32f10x_spi.o(.text)
    SPI_I2S_GetFlagStatus                    0x080015fb   Thumb Code    18  stm32f10x_spi.o(.text)
    SPI_I2S_ClearFlag                        0x0800160d   Thumb Code     6  stm32f10x_spi.o(.text)
    SPI_I2S_GetITStatus                      0x08001613   Thumb Code    52  stm32f10x_spi.o(.text)
    SPI_I2S_ClearITPendingBit                0x08001647   Thumb Code    20  stm32f10x_spi.o(.text)
    Reset_Handler                            0x08001669   Thumb Code     8  startup_stm32f10x_md.o(.text)
    ADC1_2_IRQHandler                        0x08001683   Thumb Code     0  startup_stm32f10x_md.o(.text)
    CAN1_RX1_IRQHandler                      0x08001683   Thumb Code     0  startup_stm32f10x_md.o(.text)
    CAN1_SCE_IRQHandler                      0x08001683   Thumb Code     0  startup_stm32f10x_md.o(.text)
    DMA1_Channel1_IRQHandler                 0x08001683   Thumb Code     0  startup_stm32f10x_md.o(.text)
    DMA1_Channel2_IRQHandler                 0x08001683   Thumb Code     0  startup_stm32f10x_md.o(.text)
    DMA1_Channel3_IRQHandler                 0x08001683   Thumb Code     0  startup_stm32f10x_md.o(.text)
    DMA1_Channel4_IRQHandler                 0x08001683   Thumb Code     0  startup_stm32f10x_md.o(.text)
    DMA1_Channel5_IRQHandler                 0x08001683   Thumb Code     0  startup_stm32f10x_md.o(.text)
    DMA1_Channel6_IRQHandler                 0x08001683   Thumb Code     0  startup_stm32f10x_md.o(.text)
    DMA1_Channel7_IRQHandler                 0x08001683   Thumb Code     0  startup_stm32f10x_md.o(.text)
    EXTI0_IRQHandler                         0x08001683   Thumb Code     0  startup_stm32f10x_md.o(.text)
    EXTI15_10_IRQHandler                     0x08001683   Thumb Code     0  startup_stm32f10x_md.o(.text)
    EXTI1_IRQHandler                         0x08001683   Thumb Code     0  startup_stm32f10x_md.o(.text)
    EXTI2_IRQHandler                         0x08001683   Thumb Code     0  startup_stm32f10x_md.o(.text)
    EXTI3_IRQHandler                         0x08001683   Thumb Code     0  startup_stm32f10x_md.o(.text)
    EXTI4_IRQHandler                         0x08001683   Thumb Code     0  startup_stm32f10x_md.o(.text)
    EXTI9_5_IRQHandler                       0x08001683   Thumb Code     0  startup_stm32f10x_md.o(.text)
    FLASH_IRQHandler                         0x08001683   Thumb Code     0  startup_stm32f10x_md.o(.text)
    I2C1_ER_IRQHandler                       0x08001683   Thumb Code     0  startup_stm32f10x_md.o(.text)
    I2C1_EV_IRQHandler                       0x08001683   Thumb Code     0  startup_stm32f10x_md.o(.text)
    I2C2_ER_IRQHandler                       0x08001683   Thumb Code     0  startup_stm32f10x_md.o(.text)
    I2C2_EV_IRQHandler                       0x08001683   Thumb Code     0  startup_stm32f10x_md.o(.text)
    PVD_IRQHandler                           0x08001683   Thumb Code     0  startup_stm32f10x_md.o(.text)
    RCC_IRQHandler                           0x08001683   Thumb Code     0  startup_stm32f10x_md.o(.text)
    RTCAlarm_IRQHandler                      0x08001683   Thumb Code     0  startup_stm32f10x_md.o(.text)
    RTC_IRQHandler                           0x08001683   Thumb Code     0  startup_stm32f10x_md.o(.text)
    SPI1_IRQHandler                          0x08001683   Thumb Code     0  startup_stm32f10x_md.o(.text)
    SPI2_IRQHandler                          0x08001683   Thumb Code     0  startup_stm32f10x_md.o(.text)
    TAMPER_IRQHandler                        0x08001683   Thumb Code     0  startup_stm32f10x_md.o(.text)
    TIM1_BRK_IRQHandler                      0x08001683   Thumb Code     0  startup_stm32f10x_md.o(.text)
    TIM1_CC_IRQHandler                       0x08001683   Thumb Code     0  startup_stm32f10x_md.o(.text)
    TIM1_TRG_COM_IRQHandler                  0x08001683   Thumb Code     0  startup_stm32f10x_md.o(.text)
    TIM1_UP_IRQHandler                       0x08001683   Thumb Code     0  startup_stm32f10x_md.o(.text)
    TIM2_IRQHandler                          0x08001683   Thumb Code     0  startup_stm32f10x_md.o(.text)
    TIM3_IRQHandler                          0x08001683   Thumb Code     0  startup_stm32f10x_md.o(.text)
    TIM4_IRQHandler                          0x08001683   Thumb Code     0  startup_stm32f10x_md.o(.text)
    USART2_IRQHandler                        0x08001683   Thumb Code     0  startup_stm32f10x_md.o(.text)
    USART3_IRQHandler                        0x08001683   Thumb Code     0  startup_stm32f10x_md.o(.text)
    USBWakeUp_IRQHandler                     0x08001683   Thumb Code     0  startup_stm32f10x_md.o(.text)
    USB_HP_CAN1_TX_IRQHandler                0x08001683   Thumb Code     0  startup_stm32f10x_md.o(.text)
    USB_LP_CAN1_RX0_IRQHandler               0x08001683   Thumb Code     0  startup_stm32f10x_md.o(.text)
    WWDG_IRQHandler                          0x08001683   Thumb Code     0  startup_stm32f10x_md.o(.text)
    delay_init                               0x0800168d   Thumb Code    50  delay.o(.text)
    delay_us                                 0x080016bf   Thumb Code    72  delay.o(.text)
    delay_ms                                 0x08001707   Thumb Code    72  delay.o(.text)
    fputc                                    0x08001761   Thumb Code    32  usart.o(.text)
    uart_init                                0x08001781   Thumb Code   158  usart.o(.text)
    USART1_IRQHandler                        0x0800181f   Thumb Code   136  usart.o(.text)
    LED_Init                                 0x080018bd   Thumb Code    46  led.o(.text)
    led_pa1                                  0x080018eb   Thumb Code    30  led.o(.text)
    W5500_GPIO_Init                          0x0800190d   Thumb Code    54  spi.o(.text)
    SPI1_Init                                0x08001943   Thumb Code   124  spi.o(.text)
    SPI1_SetSpeed                            0x080019bf   Thumb Code    36  spi.o(.text)
    SPI1_WriteByte                           0x080019e3   Thumb Code    38  spi.o(.text)
    SPI1_ReadByte                            0x08001a09   Thumb Code    42  spi.o(.text)
    SPI_CrisEnter                            0x08001a33   Thumb Code    10  spi.o(.text)
    SPI_CrisExit                             0x08001a3d   Thumb Code    10  spi.o(.text)
    SPI_CS_Select                            0x08001a47   Thumb Code    12  spi.o(.text)
    SPI_CS_Deselect                          0x08001a53   Thumb Code    12  spi.o(.text)
    register_wizchip                         0x08001a5f   Thumb Code    40  spi.o(.text)
    wizchip_cris_enter                       0x08001a91   Thumb Code     2  wizchip_conf.o(.text)
    wizchip_cris_exit                        0x08001a93   Thumb Code     2  wizchip_conf.o(.text)
    wizchip_cs_select                        0x08001a95   Thumb Code     2  wizchip_conf.o(.text)
    wizchip_cs_deselect                      0x08001a97   Thumb Code     2  wizchip_conf.o(.text)
    wizchip_bus_readbyte                     0x08001a99   Thumb Code     6  wizchip_conf.o(.text)
    wizchip_bus_writebyte                    0x08001a9f   Thumb Code     4  wizchip_conf.o(.text)
    wizchip_spi_readbyte                     0x08001aa3   Thumb Code     4  wizchip_conf.o(.text)
    wizchip_spi_writebyte                    0x08001aa7   Thumb Code     2  wizchip_conf.o(.text)
    reg_wizchip_cris_cbfunc                  0x08001aa9   Thumb Code    30  wizchip_conf.o(.text)
    reg_wizchip_cs_cbfunc                    0x08001ac7   Thumb Code    30  wizchip_conf.o(.text)
    reg_wizchip_bus_cbfunc                   0x08001ae5   Thumb Code    44  wizchip_conf.o(.text)
    reg_wizchip_spi_cbfunc                   0x08001b11   Thumb Code    44  wizchip_conf.o(.text)
    wizphy_getphylink                        0x08001b3d   Thumb Code    26  wizchip_conf.o(.text)
    wizphy_getphypmode                       0x08001b57   Thumb Code    28  wizchip_conf.o(.text)
    wizphy_reset                             0x08001b73   Thumb Code    52  wizchip_conf.o(.text)
    wizphy_setphypmode                       0x08001ba7   Thumb Code   100  wizchip_conf.o(.text)
    wizphy_getphyconf                        0x08001c0b   Thumb Code   120  wizchip_conf.o(.text)
    wizphy_setphyconf                        0x08001c83   Thumb Code    88  wizchip_conf.o(.text)
    wizchip_getinterruptmask                 0x08001cdb   Thumb Code    40  wizchip_conf.o(.text)
    wizchip_setinterruptmask                 0x08001d03   Thumb Code    30  wizchip_conf.o(.text)
    wizchip_getinterrupt                     0x08001d21   Thumb Code    42  wizchip_conf.o(.text)
    wizchip_clrinterrupt                     0x08001d4b   Thumb Code    32  wizchip_conf.o(.text)
    wizchip_sw_reset                         0x08001d6b   Thumb Code   114  wizchip_conf.o(.text)
    wizchip_init                             0x08001ddd   Thumb Code   144  wizchip_conf.o(.text)
    ctlwizchip                               0x08001e6d   Thumb Code   282  wizchip_conf.o(.text)
    wizchip_gettimeout                       0x08001f87   Thumb Code    40  wizchip_conf.o(.text)
    wizchip_settimeout                       0x08001faf   Thumb Code    38  wizchip_conf.o(.text)
    wizchip_getnetmode                       0x08001fd5   Thumb Code    10  wizchip_conf.o(.text)
    wizchip_setnetmode                       0x08001fdf   Thumb Code    38  wizchip_conf.o(.text)
    wizchip_getnetinfo                       0x08002005   Thumb Code    82  wizchip_conf.o(.text)
    wizchip_setnetinfo                       0x08002057   Thumb Code    80  wizchip_conf.o(.text)
    ctlnetwork                               0x080020a7   Thumb Code    80  wizchip_conf.o(.text)
    wizphy_getphystat                        0x080020f7   Thumb Code    28  wizchip_conf.o(.text)
    close                                    0x08002121   Thumb Code   128  socket.o(.text)
    socket                                   0x080021a1   Thumb Code   346  socket.o(.text)
    listen                                   0x080022fb   Thumb Code   176  socket.o(.text)
    connect                                  0x080023ab   Thumb Code   318  socket.o(.text)
    disconnect                               0x080024e9   Thumb Code   200  socket.o(.text)
    send                                     0x080025b1   Thumb Code   374  socket.o(.text)
    recv                                     0x08002727   Thumb Code   282  socket.o(.text)
    sendto                                   0x08002841   Thumb Code   468  socket.o(.text)
    recvfrom                                 0x08002a15   Thumb Code   602  socket.o(.text)
    ctlsocket                                0x08002c6f   Thumb Code   294  socket.o(.text)
    setsockopt                               0x08002d95   Thumb Code   410  socket.o(.text)
    getsockopt                               0x08002f2f   Thumb Code   408  socket.o(.text)
    WIZCHIP_READ                             0x080030d1   Thumb Code    70  w5500.o(.text)
    WIZCHIP_WRITE                            0x08003117   Thumb Code    72  w5500.o(.text)
    WIZCHIP_READ_BUF                         0x0800315f   Thumb Code    94  w5500.o(.text)
    WIZCHIP_WRITE_BUF                        0x080031bd   Thumb Code    96  w5500.o(.text)
    getSn_TX_FSR                             0x0800321d   Thumb Code   108  w5500.o(.text)
    getSn_RX_RSR                             0x08003289   Thumb Code   108  w5500.o(.text)
    wiz_send_data                            0x080032f5   Thumb Code   132  w5500.o(.text)
    wiz_recv_data                            0x08003379   Thumb Code   132  w5500.o(.text)
    wiz_recv_ignore                          0x080033fd   Thumb Code   102  w5500.o(.text)
    default_ip_assign                        0x08003469   Thumb Code    38  dhcp.o(.text)
    default_ip_update                        0x0800348f   Thumb Code    34  dhcp.o(.text)
    default_ip_conflict                      0x080034b1   Thumb Code    30  dhcp.o(.text)
    reg_dhcp_cbfunc                          0x080034cf   Thumb Code    46  dhcp.o(.text)
    makeDHCPMSG                              0x080034fd   Thumb Code   386  dhcp.o(.text)
    send_DHCP_DISCOVER                       0x0800367f   Thumb Code   572  dhcp.o(.text)
    send_DHCP_REQUEST                        0x080038bb   Thumb Code   886  dhcp.o(.text)
    send_DHCP_DECLINE                        0x08003c31   Thumb Code   522  dhcp.o(.text)
    parseDHCPMSG                             0x08003e3b   Thumb Code   454  dhcp.o(.text)
    reset_DHCP_timeout                       0x08004001   Thumb Code    20  dhcp.o(.text)
    check_DHCP_timeout                       0x08004015   Thumb Code   208  dhcp.o(.text)
    check_DHCP_leasedIP                      0x080040e5   Thumb Code    88  dhcp.o(.text)
    DHCP_run                                 0x0800413d   Thumb Code   424  dhcp.o(.text)
    DHCP_stop                                0x080042e5   Thumb Code    18  dhcp.o(.text)
    DHCP_init                                0x080042f7   Thumb Code   152  dhcp.o(.text)
    DHCP_time_handler                        0x0800438f   Thumb Code    12  dhcp.o(.text)
    getIPfromDHCP                            0x0800439b   Thumb Code    26  dhcp.o(.text)
    getGWfromDHCP                            0x080043b5   Thumb Code    26  dhcp.o(.text)
    getSNfromDHCP                            0x080043cf   Thumb Code    26  dhcp.o(.text)
    getDNSfromDHCP                           0x080043e9   Thumb Code    26  dhcp.o(.text)
    getDHCPLeasetime                         0x08004403   Thumb Code     6  dhcp.o(.text)
    __aeabi_memset                           0x08004465   Thumb Code    14  memseta.o(.text)
    __aeabi_memset4                          0x08004465   Thumb Code     0  memseta.o(.text)
    __aeabi_memset8                          0x08004465   Thumb Code     0  memseta.o(.text)
    __aeabi_memclr                           0x08004473   Thumb Code     4  memseta.o(.text)
    __aeabi_memclr4                          0x08004473   Thumb Code     0  memseta.o(.text)
    __aeabi_memclr8                          0x08004473   Thumb Code     0  memseta.o(.text)
    _memset$wrapper                          0x08004477   Thumb Code    18  memseta.o(.text)
    __aeabi_uldivmod                         0x08004489   Thumb Code    98  uldiv.o(.text)
    __scatterload                            0x080044ed   Thumb Code    28  init.o(.text)
    __scatterload_rt2                        0x080044ed   Thumb Code     0  init.o(.text)
    __aeabi_llsl                             0x08004511   Thumb Code    30  llshl.o(.text)
    _ll_shift_l                              0x08004511   Thumb Code     0  llshl.o(.text)
    __aeabi_llsr                             0x0800452f   Thumb Code    32  llushr.o(.text)
    _ll_ushift_r                             0x0800452f   Thumb Code     0  llushr.o(.text)
    __0printf$8                              0x08004551   Thumb Code    22  printf8.o(i.__0printf$8)
    __1printf$8                              0x08004551   Thumb Code     0  printf8.o(i.__0printf$8)
    __2printf                                0x08004551   Thumb Code     0  printf8.o(i.__0printf$8)
    __0sprintf$8                             0x08004571   Thumb Code    34  printf8.o(i.__0sprintf$8)
    __1sprintf$8                             0x08004571   Thumb Code     0  printf8.o(i.__0sprintf$8)
    __2sprintf                               0x08004571   Thumb Code     0  printf8.o(i.__0sprintf$8)
    __scatterload_copy                       0x08004599   Thumb Code    14  handlers.o(i.__scatterload_copy)
    __scatterload_null                       0x080045a7   Thumb Code     2  handlers.o(i.__scatterload_null)
    __scatterload_zeroinit                   0x080045a9   Thumb Code    14  handlers.o(i.__scatterload_zeroinit)
    Region$$Table$$Base                      0x08004a34   Number         0  anon$$obj.o(Region$$Table)
    Region$$Table$$Limit                     0x08004a54   Number         0  anon$$obj.o(Region$$Table)
    destip                                   0x20000000   Data           4  main.o(.data)
    destport                                 0x20000004   Data           2  main.o(.data)
    SystemCoreClock                          0x20000008   Data           4  system_stm32f10x.o(.data)
    AHBPrescTable                            0x2000000c   Data          16  system_stm32f10x.o(.data)
    USART_RX_STA                             0x20000034   Data           2  usart.o(.data)
    usart_recv_flag                          0x20000038   Data           4  usart.o(.data)
    WIZCHIP                                  0x2000003c   Data          32  wizchip_conf.o(.data)
    DHCP_SOCKET                              0x20000070   Data           1  dhcp.o(.data)
    DHCP_SIP                                 0x20000071   Data           4  dhcp.o(.data)
    OLD_allocated_ip                         0x20000075   Data           4  dhcp.o(.data)
    DHCP_allocated_ip                        0x20000079   Data           4  dhcp.o(.data)
    DHCP_allocated_gw                        0x2000007d   Data           4  dhcp.o(.data)
    DHCP_allocated_sn                        0x20000081   Data           4  dhcp.o(.data)
    DHCP_allocated_dns                       0x20000085   Data           4  dhcp.o(.data)
    dhcp_state                               0x20000089   Data           1  dhcp.o(.data)
    dhcp_retry_count                         0x2000008a   Data           1  dhcp.o(.data)
    dhcp_lease_time                          0x2000008c   Data           4  dhcp.o(.data)
    dhcp_tick_1s                             0x20000090   Data           4  dhcp.o(.data)
    dhcp_tick_next                           0x20000094   Data           4  dhcp.o(.data)
    DHCP_XID                                 0x20000098   Data           4  dhcp.o(.data)
    pDHCPMSG                                 0x2000009c   Data           4  dhcp.o(.data)
    HOST_NAME                                0x200000a0   Data           8  dhcp.o(.data)
    DHCP_CHADDR                              0x200000a8   Data           6  dhcp.o(.data)
    dhcp_ip_assign                           0x200000b0   Data           4  dhcp.o(.data)
    dhcp_ip_update                           0x200000b4   Data           4  dhcp.o(.data)
    dhcp_ip_conflict                         0x200000b8   Data           4  dhcp.o(.data)
    __stdout                                 0x200000bc   Data           4  stdout.o(.data)
    gWIZNETINFO                              0x200000c0   Data          23  main.o(.bss)
    buf                                      0x200000d7   Data        2048  main.o(.bss)
    buff                                     0x200008d7   Data        2048  main.o(.bss)
    USART_RX_BUF                             0x200010d7   Data         200  usart.o(.bss)
    __initial_sp                             0x200015b0   Data           0  startup_stm32f10x_md.o(STACK)



==============================================================================

Memory Map of the image

  Image Entry point : 0x080000ed

  Load Region LR_IROM1 (Base: 0x08000000, Size: 0x00004b14, Max: 0x00020000, ABSOLUTE)

    Execution Region ER_IROM1 (Base: 0x08000000, Size: 0x00004a54, Max: 0x00020000, ABSOLUTE)

    Base Addr    Size         Type   Attr      Idx    E Section Name        Object

    0x08000000   0x000000ec   Data   RO          213    RESET               startup_stm32f10x_md.o
    0x080000ec   0x00000000   Code   RO          345  * .ARM.Collect$$$$00000000  mc_w.l(entry.o)
    0x080000ec   0x00000004   Code   RO          611    .ARM.Collect$$$$00000001  mc_w.l(entry2.o)
    0x080000f0   0x00000004   Code   RO          614    .ARM.Collect$$$$00000004  mc_w.l(entry5.o)
    0x080000f4   0x00000000   Code   RO          616    .ARM.Collect$$$$00000008  mc_w.l(entry7b.o)
    0x080000f4   0x00000000   Code   RO          618    .ARM.Collect$$$$0000000A  mc_w.l(entry8b.o)
    0x080000f4   0x00000008   Code   RO          619    .ARM.Collect$$$$0000000B  mc_w.l(entry9a.o)
    0x080000fc   0x00000000   Code   RO          621    .ARM.Collect$$$$0000000D  mc_w.l(entry10a.o)
    0x080000fc   0x00000000   Code   RO          623    .ARM.Collect$$$$0000000F  mc_w.l(entry11a.o)
    0x080000fc   0x00000004   Code   RO          612    .ARM.Collect$$$$00002712  mc_w.l(entry2.o)
    0x08000100   0x0000047c   Code   RO            1    .text               main.o
    0x0800057c   0x0000001a   Code   RO           88    .text               stm32f10x_it.o
    0x08000596   0x00000002   PAD
    0x08000598   0x000001e0   Code   RO          120    .text               system_stm32f10x.o
    0x08000778   0x000000dc   Code   RO          138    .text               misc.o
    0x08000854   0x0000035c   Code   RO          150    .text               stm32f10x_gpio.o
    0x08000bb0   0x000003a4   Code   RO          162    .text               stm32f10x_rcc.o
    0x08000f54   0x00000408   Code   RO          176    .text               stm32f10x_usart.o
    0x0800135c   0x0000030c   Code   RO          188    .text               stm32f10x_spi.o
    0x08001668   0x00000024   Code   RO          214    .text               startup_stm32f10x_md.o
    0x0800168c   0x000000d4   Code   RO          218    .text               delay.o
    0x08001760   0x0000015c   Code   RO          232    .text               usart.o
    0x080018bc   0x00000050   Code   RO          251    .text               led.o
    0x0800190c   0x00000184   Code   RO          263    .text               spi.o
    0x08001a90   0x00000690   Code   RO          282    .text               wizchip_conf.o
    0x08002120   0x00000fb0   Code   RO          303    .text               socket.o
    0x080030d0   0x00000398   Code   RO          318    .text               w5500.o
    0x08003468   0x00000ffc   Code   RO          330    .text               dhcp.o
    0x08004464   0x00000024   Code   RO          348    .text               mc_w.l(memseta.o)
    0x08004488   0x00000062   Code   RO          628    .text               mc_w.l(uldiv.o)
    0x080044ea   0x00000002   PAD
    0x080044ec   0x00000024   Code   RO          641    .text               mc_w.l(init.o)
    0x08004510   0x0000001e   Code   RO          643    .text               mc_w.l(llshl.o)
    0x0800452e   0x00000020   Code   RO          645    .text               mc_w.l(llushr.o)
    0x0800454e   0x00000002   PAD
    0x08004550   0x00000020   Code   RO          557    i.__0printf$8       mc_w.l(printf8.o)
    0x08004570   0x00000028   Code   RO          559    i.__0sprintf$8      mc_w.l(printf8.o)
    0x08004598   0x0000000e   Code   RO          653    i.__scatterload_copy  mc_w.l(handlers.o)
    0x080045a6   0x00000002   Code   RO          654    i.__scatterload_null  mc_w.l(handlers.o)
    0x080045a8   0x0000000e   Code   RO          655    i.__scatterload_zeroinit  mc_w.l(handlers.o)
    0x080045b6   0x00000002   PAD
    0x080045b8   0x00000410   Code   RO          564    i._printf_core      mc_w.l(printf8.o)
    0x080049c8   0x00000024   Code   RO          565    i._printf_post_padding  mc_w.l(printf8.o)
    0x080049ec   0x0000002e   Code   RO          566    i._printf_pre_padding  mc_w.l(printf8.o)
    0x08004a1a   0x0000000a   Code   RO          568    i._sputc            mc_w.l(printf8.o)
    0x08004a24   0x00000010   Data   RO            3    .constdata          main.o
    0x08004a34   0x00000020   Data   RO          651    Region$$Table       anon$$obj.o


    Execution Region RW_IRAM1 (Base: 0x20000000, Size: 0x000015b0, Max: 0x00005000, ABSOLUTE)

    Base Addr    Size         Type   Attr      Idx    E Section Name        Object

    0x20000000   0x00000006   Data   RW            4    .data               main.o
    0x20000006   0x00000002   PAD
    0x20000008   0x00000014   Data   RW          121    .data               system_stm32f10x.o
    0x2000001c   0x00000014   Data   RW          163    .data               stm32f10x_rcc.o
    0x20000030   0x00000004   Data   RW          219    .data               delay.o
    0x20000034   0x00000008   Data   RW          234    .data               usart.o
    0x2000003c   0x00000025   Data   RW          283    .data               wizchip_conf.o
    0x20000061   0x00000001   PAD
    0x20000062   0x0000000e   Data   RW          305    .data               socket.o
    0x20000070   0x0000004c   Data   RW          331    .data               dhcp.o
    0x200000bc   0x00000004   Data   RW          625    .data               mc_w.l(stdout.o)
    0x200000c0   0x00001017   Zero   RW            2    .bss                main.o
    0x200010d7   0x000000c8   Zero   RW          233    .bss                usart.o
    0x2000119f   0x00000001   PAD
    0x200011a0   0x00000010   Zero   RW          304    .bss                socket.o
    0x200011b0   0x00000400   Zero   RW          211    STACK               startup_stm32f10x_md.o


==============================================================================

Image component sizes


      Code (inc. data)   RO Data    RW Data    ZI Data      Debug   Object Name

         0          0          0          0          0         32   core_cm3.o
       212         18          0          4          0        987   delay.o
      4092        220          0         76          0       9417   dhcp.o
        80          4          0          0          0        639   led.o
      1148        354         16          6       4119     245635   main.o
       220         22          0          0          0       1717   misc.o
      4016         80          0         14         16       7175   socket.o
       388         10          0          0          0      17132   spi.o
        36          8        236          0       1024        776   startup_stm32f10x_md.o
       860         38          0          0          0       5653   stm32f10x_gpio.o
        26          0          0          0          0       1174   stm32f10x_it.o
       932         36          0         20          0       8808   stm32f10x_rcc.o
       780         14          0          0          0       6534   stm32f10x_spi.o
      1032         22          0          0          0       8376   stm32f10x_usart.o
       480         38          0         20          0       1695   system_stm32f10x.o
       348         22          0          8        200       1732   usart.o
       920          6          0          0          0       3486   w5500.o
      1680         42          0         37          0      11086   wizchip_conf.o

    ----------------------------------------------------------------------
     17252        934        284        188       5360     332054   Object Totals
         0          0         32          0          0          0   (incl. Generated)
         2          0          0          3          1          0   (incl. Padding)

    ----------------------------------------------------------------------

      Code (inc. data)   RO Data    RW Data    ZI Data      Debug   Library Member Name

         0          0          0          0          0          0   entry.o
         0          0          0          0          0          0   entry10a.o
         0          0          0          0          0          0   entry11a.o
         8          4          0          0          0          0   entry2.o
         4          0          0          0          0          0   entry5.o
         0          0          0          0          0          0   entry7b.o
         0          0          0          0          0          0   entry8b.o
         8          4          0          0          0          0   entry9a.o
        30          0          0          0          0          0   handlers.o
        36          8          0          0          0         68   init.o
        30          0          0          0          0         68   llshl.o
        32          0          0          0          0         68   llushr.o
        36          0          0          0          0        108   memseta.o
      1204         60          0          0          0        504   printf8.o
         0          0          0          4          0          0   stdout.o
        98          0          0          0          0         92   uldiv.o

    ----------------------------------------------------------------------
      1492         76          0          4          0        908   Library Totals
         6          0          0          0          0          0   (incl. Padding)

    ----------------------------------------------------------------------

      Code (inc. data)   RO Data    RW Data    ZI Data      Debug   Library Name

      1486         76          0          4          0        908   mc_w.l

    ----------------------------------------------------------------------
      1492         76          0          4          0        908   Library Totals

    ----------------------------------------------------------------------

==============================================================================


      Code (inc. data)   RO Data    RW Data    ZI Data      Debug   

     18744       1010        284        192       5360     331138   Grand Totals
     18744       1010        284        192       5360     331138   ELF Image Totals
     18744       1010        284        192          0          0   ROM Totals

==============================================================================

    Total RO  Size (Code + RO Data)                19028 (  18.58kB)
    Total RW  Size (RW Data + ZI Data)              5552 (   5.42kB)
    Total ROM Size (Code + RO Data + RW Data)      19220 (  18.77kB)

==============================================================================

